Archive member included to satisfy reference by file (symbol)

c:/sysgcc/arm-eabi/bin/../lib/gcc/arm-none-eabi/10.3.1/thumb/v7e-m/nofp\libgcc.a(_aeabi_uldivmod.o)
                              CMakeFiles/TestProject.elf.dir/Drivers/STM32F4xx_HAL_Driver/Src/stm32f4xx_hal_rcc.c.obj (__aeabi_uldivmod)
c:/sysgcc/arm-eabi/bin/../lib/gcc/arm-none-eabi/10.3.1/thumb/v7e-m/nofp\libgcc.a(_udivmoddi4.o)
                              c:/sysgcc/arm-eabi/bin/../lib/gcc/arm-none-eabi/10.3.1/thumb/v7e-m/nofp\libgcc.a(_aeabi_uldivmod.o) (__udivmoddi4)
c:/sysgcc/arm-eabi/bin/../lib/gcc/arm-none-eabi/10.3.1/thumb/v7e-m/nofp\libgcc.a(_dvmd_tls.o)
                              c:/sysgcc/arm-eabi/bin/../lib/gcc/arm-none-eabi/10.3.1/thumb/v7e-m/nofp\libgcc.a(_aeabi_uldivmod.o) (__aeabi_ldiv0)
c:/sysgcc/arm-eabi/bin/../lib/gcc/arm-none-eabi/10.3.1/../../../../arm-none-eabi/lib/thumb/v7e-m/nofp\libg.a(lib_a-errno.o)
                              CMakeFiles/TestProject.elf.dir/Core/Src/syscalls.c.obj (__errno)
c:/sysgcc/arm-eabi/bin/../lib/gcc/arm-none-eabi/10.3.1/../../../../arm-none-eabi/lib/thumb/v7e-m/nofp\libg.a(lib_a-exit.o)
                              c:/sysgcc/arm-eabi/bin/../lib/gcc/arm-none-eabi/10.3.1/../../../../arm-none-eabi/lib/thumb/v7e-m/nofp/crt0.o (exit)
c:/sysgcc/arm-eabi/bin/../lib/gcc/arm-none-eabi/10.3.1/../../../../arm-none-eabi/lib/thumb/v7e-m/nofp\libg.a(lib_a-impure.o)
                              c:/sysgcc/arm-eabi/bin/../lib/gcc/arm-none-eabi/10.3.1/../../../../arm-none-eabi/lib/thumb/v7e-m/nofp\libg.a(lib_a-exit.o) (_global_impure_ptr)
c:/sysgcc/arm-eabi/bin/../lib/gcc/arm-none-eabi/10.3.1/../../../../arm-none-eabi/lib/thumb/v7e-m/nofp\libg.a(lib_a-init.o)
                              c:/sysgcc/arm-eabi/bin/../lib/gcc/arm-none-eabi/10.3.1/../../../../arm-none-eabi/lib/thumb/v7e-m/nofp/crt0.o (__libc_init_array)
c:/sysgcc/arm-eabi/bin/../lib/gcc/arm-none-eabi/10.3.1/../../../../arm-none-eabi/lib/thumb/v7e-m/nofp\libg.a(lib_a-memcpy.o)
                              CMakeFiles/TestProject.elf.dir/Core/Src/I2C_Lcd.c.obj (memcpy)
c:/sysgcc/arm-eabi/bin/../lib/gcc/arm-none-eabi/10.3.1/../../../../arm-none-eabi/lib/thumb/v7e-m/nofp\libg.a(lib_a-memset.o)
                              c:/sysgcc/arm-eabi/bin/../lib/gcc/arm-none-eabi/10.3.1/../../../../arm-none-eabi/lib/thumb/v7e-m/nofp/crt0.o (memset)
c:/sysgcc/arm-eabi/bin/../lib/gcc/arm-none-eabi/10.3.1/../../../../arm-none-eabi/lib/thumb/v7e-m/nofp\libg.a(lib_a-strlen.o)
                              CMakeFiles/TestProject.elf.dir/Core/Src/I2C_Lcd.c.obj (strlen)
c:/sysgcc/arm-eabi/bin/../lib/gcc/arm-none-eabi/10.3.1/../../../../arm-none-eabi/lib/thumb/v7e-m/nofp\libg.a(lib_a-__call_atexit.o)
                              c:/sysgcc/arm-eabi/bin/../lib/gcc/arm-none-eabi/10.3.1/../../../../arm-none-eabi/lib/thumb/v7e-m/nofp\libg.a(lib_a-exit.o) (__call_exitprocs)
c:/sysgcc/arm-eabi/bin/../lib/gcc/arm-none-eabi/10.3.1/../../../../arm-none-eabi/lib/thumb/v7e-m/nofp\libg.a(lib_a-atexit.o)
                              c:/sysgcc/arm-eabi/bin/../lib/gcc/arm-none-eabi/10.3.1/../../../../arm-none-eabi/lib/thumb/v7e-m/nofp\libg.a(lib_a-__call_atexit.o) (atexit)
c:/sysgcc/arm-eabi/bin/../lib/gcc/arm-none-eabi/10.3.1/../../../../arm-none-eabi/lib/thumb/v7e-m/nofp\libg.a(lib_a-fini.o)
                              c:/sysgcc/arm-eabi/bin/../lib/gcc/arm-none-eabi/10.3.1/../../../../arm-none-eabi/lib/thumb/v7e-m/nofp\libg.a(lib_a-__call_atexit.o) (__libc_fini_array)
c:/sysgcc/arm-eabi/bin/../lib/gcc/arm-none-eabi/10.3.1/../../../../arm-none-eabi/lib/thumb/v7e-m/nofp\libg.a(lib_a-lock.o)
                              c:/sysgcc/arm-eabi/bin/../lib/gcc/arm-none-eabi/10.3.1/../../../../arm-none-eabi/lib/thumb/v7e-m/nofp\libg.a(lib_a-__call_atexit.o) (__retarget_lock_acquire_recursive)
c:/sysgcc/arm-eabi/bin/../lib/gcc/arm-none-eabi/10.3.1/../../../../arm-none-eabi/lib/thumb/v7e-m/nofp\libg.a(lib_a-__atexit.o)
                              c:/sysgcc/arm-eabi/bin/../lib/gcc/arm-none-eabi/10.3.1/../../../../arm-none-eabi/lib/thumb/v7e-m/nofp\libg.a(lib_a-atexit.o) (__register_exitproc)

Discarded input sections

 .text          0x00000000        0x0 c:/sysgcc/arm-eabi/bin/../lib/gcc/arm-none-eabi/10.3.1/thumb/v7e-m/nofp/crti.o
 .data          0x00000000        0x0 c:/sysgcc/arm-eabi/bin/../lib/gcc/arm-none-eabi/10.3.1/thumb/v7e-m/nofp/crti.o
 .bss           0x00000000        0x0 c:/sysgcc/arm-eabi/bin/../lib/gcc/arm-none-eabi/10.3.1/thumb/v7e-m/nofp/crti.o
 .data          0x00000000        0x4 c:/sysgcc/arm-eabi/bin/../lib/gcc/arm-none-eabi/10.3.1/thumb/v7e-m/nofp/crtbegin.o
 .rodata        0x00000000       0x24 c:/sysgcc/arm-eabi/bin/../lib/gcc/arm-none-eabi/10.3.1/thumb/v7e-m/nofp/crtbegin.o
 .text          0x00000000       0x7c c:/sysgcc/arm-eabi/bin/../lib/gcc/arm-none-eabi/10.3.1/../../../../arm-none-eabi/lib/thumb/v7e-m/nofp/crt0.o
[...]
Memory Configuration

Name             Origin             Length             Attributes
CCMRAM           0x10000000         0x00010000         xrw
RAM              0x20000000         0x00020000         xrw
FLASH            0x08000000         0x00100000         xr
*default*        0x00000000         0xffffffff

Linker script and memory map

LOAD c:/sysgcc/arm-eabi/bin/../lib/gcc/arm-none-eabi/10.3.1/thumb/v7e-m/nofp/crti.o
LOAD c:/sysgcc/arm-eabi/bin/../lib/gcc/arm-none-eabi/10.3.1/thumb/v7e-m/nofp/crtbegin.o
LOAD c:/sysgcc/arm-eabi/bin/../lib/gcc/arm-none-eabi/10.3.1/../../../../arm-none-eabi/lib/thumb/v7e-m/nofp/crt0.o
LOAD CMakeFiles/TestProject.elf.dir/Core/Src/I2C_Lcd.c.obj
LOAD CMakeFiles/TestProject.elf.dir/Core/Src/gpio.c.obj
LOAD CMakeFiles/TestProject.elf.dir/Core/Src/i2c.c.obj
LOAD CMakeFiles/TestProject.elf.dir/Core/Src/main.c.obj
LOAD CMakeFiles/TestProject.elf.dir/Core/Src/stm32f4xx_hal_msp.c.obj
LOAD CMakeFiles/TestProject.elf.dir/Core/Src/stm32f4xx_it.c.obj
LOAD CMakeFiles/TestProject.elf.dir/Core/Src/syscalls.c.obj
LOAD CMakeFiles/TestProject.elf.dir/Core/Src/sysmem.c.obj
LOAD CMakeFiles/TestProject.elf.dir/Core/Src/system_stm32f4xx.c.obj
LOAD CMakeFiles/TestProject.elf.dir/Core/Startup/startup_stm32f407vgtx.s.obj
LOAD CMakeFiles/TestProject.elf.dir/Drivers/STM32F4xx_HAL_Driver/Src/stm32f4xx_hal.c.obj
LOAD CMakeFiles/TestProject.elf.dir/Drivers/STM32F4xx_HAL_Driver/Src/stm32f4xx_hal_cortex.c.obj
LOAD CMakeFiles/TestProject.elf.dir/Drivers/STM32F4xx_HAL_Driver/Src/stm32f4xx_hal_dma.c.obj
LOAD CMakeFiles/TestProject.elf.dir/Drivers/STM32F4xx_HAL_Driver/Src/stm32f4xx_hal_dma_ex.c.obj
LOAD CMakeFiles/TestProject.elf.dir/Drivers/STM32F4xx_HAL_Driver/Src/stm32f4xx_hal_exti.c.obj
LOAD CMakeFiles/TestProject.elf.dir/Drivers/STM32F4xx_HAL_Driver/Src/stm32f4xx_hal_flash.c.obj
LOAD CMakeFiles/TestProject.elf.dir/Drivers/STM32F4xx_HAL_Driver/Src/stm32f4xx_hal_flash_ex.c.obj
LOAD CMakeFiles/TestProject.elf.dir/Drivers/STM32F4xx_HAL_Driver/Src/stm32f4xx_hal_flash_ramfunc.c.obj
LOAD CMakeFiles/TestProject.elf.dir/Drivers/STM32F4xx_HAL_Driver/Src/stm32f4xx_hal_gpio.c.obj
LOAD CMakeFiles/TestProject.elf.dir/Drivers/STM32F4xx_HAL_Driver/Src/stm32f4xx_hal_i2c.c.obj
LOAD CMakeFiles/TestProject.elf.dir/Drivers/STM32F4xx_HAL_Driver/Src/stm32f4xx_hal_i2c_ex.c.obj
LOAD CMakeFiles/TestProject.elf.dir/Drivers/STM32F4xx_HAL_Driver/Src/stm32f4xx_hal_pwr.c.obj
LOAD CMakeFiles/TestProject.elf.dir/Drivers/STM32F4xx_HAL_Driver/Src/stm32f4xx_hal_pwr_ex.c.obj
LOAD CMakeFiles/TestProject.elf.dir/Drivers/STM32F4xx_HAL_Driver/Src/stm32f4xx_hal_rcc.c.obj
LOAD CMakeFiles/TestProject.elf.dir/Drivers/STM32F4xx_HAL_Driver/Src/stm32f4xx_hal_rcc_ex.c.obj
LOAD CMakeFiles/TestProject.elf.dir/Drivers/STM32F4xx_HAL_Driver/Src/stm32f4xx_hal_tim.c.obj
LOAD CMakeFiles/TestProject.elf.dir/Drivers/STM32F4xx_HAL_Driver/Src/stm32f4xx_hal_tim_ex.c.obj
START GROUP
LOAD c:/sysgcc/arm-eabi/bin/../lib/gcc/arm-none-eabi/10.3.1/thumb/v7e-m/nofp\libgcc.a
LOAD c:/sysgcc/arm-eabi/bin/../lib/gcc/arm-none-eabi/10.3.1/../../../../arm-none-eabi/lib/thumb/v7e-m/nofp\libg.a
LOAD c:/sysgcc/arm-eabi/bin/../lib/gcc/arm-none-eabi/10.3.1/../../../../arm-none-eabi/lib/thumb/v7e-m/nofp\libc.a
END GROUP
LOAD c:/sysgcc/arm-eabi/bin/../lib/gcc/arm-none-eabi/10.3.1/thumb/v7e-m/nofp/crtend.o
LOAD c:/sysgcc/arm-eabi/bin/../lib/gcc/arm-none-eabi/10.3.1/thumb/v7e-m/nofp/crtn.o
                0x20020000                _estack = (ORIGIN (RAM) + LENGTH (RAM))
                0x00000200                _Min_Heap_Size = 0x200
                0x00000400                _Min_Stack_Size = 0x400

.isr_vector     0x08000000      0x188
                0x08000000                . = ALIGN (0x4)
 *(.isr_vector)
 .isr_vector    0x08000000      0x188 CMakeFiles/TestProject.elf.dir/Core/Startup/startup_stm32f407vgtx.s.obj
                0x08000000                g_pfnVectors
                0x08000188                . = ALIGN (0x4)

.text           0x080001c0     0x1d30
                0x080001c0                . = ALIGN (0x4)
 *(.text)
 .text          0x080001c0       0x40 c:/sysgcc/arm-eabi/bin/../lib/gcc/arm-none-eabi/10.3.1/thumb/v7e-m/nofp/crtbegin.o
 .text          0x08000200       0x30 c:/sysgcc/arm-eabi/bin/../lib/gcc/arm-none-eabi/10.3.1/thumb/v7e-m/nofp\libgcc.a(_aeabi_uldivmod.o)
                0x08000200                __aeabi_uldivmod
 .text          0x08000230      0x2d0 c:/sysgcc/arm-eabi/bin/../lib/gcc/arm-none-eabi/10.3.1/thumb/v7e-m/nofp\libgcc.a(_udivmoddi4.o)
                0x08000230                __udivmoddi4
 .text          0x08000500        0x4 c:/sysgcc/arm-eabi/bin/../lib/gcc/arm-none-eabi/10.3.1/thumb/v7e-m/nofp\libgcc.a(_dvmd_tls.o)
                0x08000500                __aeabi_idiv0
                0x08000500                __aeabi_ldiv0
 .text          0x08000504      0x134 c:/sysgcc/arm-eabi/bin/../lib/gcc/arm-none-eabi/10.3.1/../../../../arm-none-eabi/lib/thumb/v7e-m/nofp\libg.a(lib_a-memcpy.o)
                0x08000504                memcpy
 *fill*         0x08000638        0x8 
 .text          0x08000640       0xdc c:/sysgcc/arm-eabi/bin/../lib/gcc/arm-none-eabi/10.3.1/../../../../arm-none-eabi/lib/thumb/v7e-m/nofp\libg.a(lib_a-strlen.o)
                0x08000640                strlen
 *(.text*)
 .text.Send_init_Data
                0x0800071c       0x6c CMakeFiles/TestProject.elf.dir/Core/Src/I2C_Lcd.c.obj
 .text.I2C_Lcd_InitializationLibrary
                0x08000788       0x30 CMakeFiles/TestProject.elf.dir/Core/Src/I2C_Lcd.c.obj
                0x08000788                I2C_Lcd_InitializationLibrary
 .text.I2C_Lcd_LcdInitialization
                0x080007b8       0xc6 CMakeFiles/TestProject.elf.dir/Core/Src/I2C_Lcd.c.obj
                0x080007b8                I2C_Lcd_LcdInitialization
 *fill*         0x0800087e        0x2 
 .text.I2C_Lcd_Send_data
                0x08000880       0x60 CMakeFiles/TestProject.elf.dir/Core/Src/I2C_Lcd.c.obj
                0x08000880                I2C_Lcd_Send_data
 .text.I2C_Lcd_Print_symbol
                0x080008e0       0x32 CMakeFiles/TestProject.elf.dir/Core/Src/I2C_Lcd.c.obj
                0x080008e0                I2C_Lcd_Print_symbol
 .text.I2C_Lcd_Print_text
                0x08000912       0x1c CMakeFiles/TestProject.elf.dir/Core/Src/I2C_Lcd.c.obj
                0x08000912                I2C_Lcd_Print_text
 .text.I2C_Lcd_SetCursor
                0x0800092e       0x5e CMakeFiles/TestProject.elf.dir/Core/Src/I2C_Lcd.c.obj
                0x0800092e                I2C_Lcd_SetCursor
 .text.I2C_Lcd_Move_to_the_left
                0x0800098c       0x26 CMakeFiles/TestProject.elf.dir/Core/Src/I2C_Lcd.c.obj
                0x0800098c                I2C_Lcd_Move_to_the_left
 *fill*         0x080009b2        0x2 
 .text.I2C_Lcd_Backlight
                0x080009b4       0x18 CMakeFiles/TestProject.elf.dir/Core/Src/I2C_Lcd.c.obj
                0x080009b4                I2C_Lcd_Backlight
 .text.I2C_Lcd_Clean
                0x080009cc       0x26 CMakeFiles/TestProject.elf.dir/Core/Src/I2C_Lcd.c.obj
                0x080009cc                I2C_Lcd_Clean
 *fill*         0x080009f2        0x2 
 .text.MX_GPIO_Init
                0x080009f4       0xa4 CMakeFiles/TestProject.elf.dir/Core/Src/gpio.c.obj
                0x080009f4                MX_GPIO_Init
 .text.MX_I2C1_Init
                0x08000a98       0x3c CMakeFiles/TestProject.elf.dir/Core/Src/i2c.c.obj
                0x08000a98                MX_I2C1_Init
 .text.HAL_I2C_MspInit
                0x08000ad4       0x70 CMakeFiles/TestProject.elf.dir/Core/Src/i2c.c.obj
                0x08000ad4                HAL_I2C_MspInit
 .text.Error_Handler
                0x08000b44        0x4 CMakeFiles/TestProject.elf.dir/Core/Src/main.c.obj
                0x08000b44                Error_Handler
 .text.SystemClock_Config
                0x08000b48       0xa8 CMakeFiles/TestProject.elf.dir/Core/Src/main.c.obj
                0x08000b48                SystemClock_Config
 .text.main     0x08000bf0       0xa8 CMakeFiles/TestProject.elf.dir/Core/Src/main.c.obj
                0x08000bf0                main
 .text.HAL_MspInit
                0x08000c98       0x38 CMakeFiles/TestProject.elf.dir/Core/Src/stm32f4xx_hal_msp.c.obj
                0x08000c98                HAL_MspInit
 .text.NMI_Handler
                0x08000cd0        0x2 CMakeFiles/TestProject.elf.dir/Core/Src/stm32f4xx_it.c.obj
                0x08000cd0                NMI_Handler
 .text.HardFault_Handler
                0x08000cd2        0x2 CMakeFiles/TestProject.elf.dir/Core/Src/stm32f4xx_it.c.obj
                0x08000cd2                HardFault_Handler
 .text.MemManage_Handler
                0x08000cd4        0x2 CMakeFiles/TestProject.elf.dir/Core/Src/stm32f4xx_it.c.obj
                0x08000cd4                MemManage_Handler
 .text.BusFault_Handler
                0x08000cd6        0x2 CMakeFiles/TestProject.elf.dir/Core/Src/stm32f4xx_it.c.obj
                0x08000cd6                BusFault_Handler
 .text.UsageFault_Handler
                0x08000cd8        0x2 CMakeFiles/TestProject.elf.dir/Core/Src/stm32f4xx_it.c.obj
                0x08000cd8                UsageFault_Handler
 .text.SVC_Handler
                0x08000cda        0x2 CMakeFiles/TestProject.elf.dir/Core/Src/stm32f4xx_it.c.obj
                0x08000cda                SVC_Handler
 .text.DebugMon_Handler
                0x08000cdc        0x2 CMakeFiles/TestProject.elf.dir/Core/Src/stm32f4xx_it.c.obj
                0x08000cdc                DebugMon_Handler
 .text.PendSV_Handler
                0x08000cde        0x2 CMakeFiles/TestProject.elf.dir/Core/Src/stm32f4xx_it.c.obj
                0x08000cde                PendSV_Handler
 .text.SysTick_Handler
                0x08000ce0        0x8 CMakeFiles/TestProject.elf.dir/Core/Src/stm32f4xx_it.c.obj
                0x08000ce0                SysTick_Handler
 .text.SystemInit
                0x08000ce8        0x2 CMakeFiles/TestProject.elf.dir/Core/Src/system_stm32f4xx.c.obj
                0x08000ce8                SystemInit
 *fill*         0x08000cea        0x2 
 .text.Reset_Handler
                0x08000cec       0x50 CMakeFiles/TestProject.elf.dir/Core/Startup/startup_stm32f407vgtx.s.obj
                0x08000cec                Reset_Handler
 .text.Default_Handler
                0x08000d3c        0x2 CMakeFiles/TestProject.elf.dir/Core/Startup/startup_stm32f407vgtx.s.obj
                0x08000d3c                RTC_Alarm_IRQHandler
                0x08000d3c                HASH_RNG_IRQHandler
                0x08000d3c                EXTI2_IRQHandler
                0x08000d3c                TIM8_CC_IRQHandler
                0x08000d3c                TIM1_CC_IRQHandler
                0x08000d3c                DMA2_Stream5_IRQHandler
                0x08000d3c                DMA1_Stream5_IRQHandler
                0x08000d3c                PVD_IRQHandler
                0x08000d3c                SDIO_IRQHandler
                0x08000d3c                TAMP_STAMP_IRQHandler
                0x08000d3c                CAN2_RX1_IRQHandler
                0x08000d3c                EXTI3_IRQHandler
                0x08000d3c                TIM8_TRG_COM_TIM14_IRQHandler
                0x08000d3c                TIM1_UP_TIM10_IRQHandler
                0x08000d3c                TIM8_UP_TIM13_IRQHandler
                0x08000d3c                I2C3_ER_IRQHandler
                0x08000d3c                EXTI0_IRQHandler
                0x08000d3c                I2C2_EV_IRQHandler
                0x08000d3c                DMA1_Stream2_IRQHandler
                0x08000d3c                CAN1_RX0_IRQHandler
                0x08000d3c                FPU_IRQHandler
                0x08000d3c                OTG_HS_WKUP_IRQHandler
                0x08000d3c                CAN2_SCE_IRQHandler
                0x08000d3c                DMA2_Stream2_IRQHandler
                0x08000d3c                SPI1_IRQHandler
                0x08000d3c                TIM6_DAC_IRQHandler
                0x08000d3c                TIM1_BRK_TIM9_IRQHandler
                0x08000d3c                DCMI_IRQHandler
                0x08000d3c                CAN2_RX0_IRQHandler
                0x08000d3c                DMA2_Stream3_IRQHandler
                0x08000d3c                USART6_IRQHandler
                0x08000d3c                USART3_IRQHandler
                0x08000d3c                CAN1_RX1_IRQHandler
                0x08000d3c                UART5_IRQHandler
                0x08000d3c                DMA2_Stream0_IRQHandler
                0x08000d3c                TIM4_IRQHandler
                0x08000d3c                I2C1_EV_IRQHandler
                0x08000d3c                DMA1_Stream6_IRQHandler
                0x08000d3c                DMA1_Stream1_IRQHandler
                0x08000d3c                UART4_IRQHandler
                0x08000d3c                TIM3_IRQHandler
                0x08000d3c                RCC_IRQHandler
                0x08000d3c                TIM8_BRK_TIM12_IRQHandler
                0x08000d3c                Default_Handler
                0x08000d3c                EXTI15_10_IRQHandler
                0x08000d3c                ADC_IRQHandler
                0x08000d3c                DMA1_Stream7_IRQHandler
                0x08000d3c                TIM7_IRQHandler
                0x08000d3c                CAN2_TX_IRQHandler
                0x08000d3c                TIM5_IRQHandler
                0x08000d3c                DMA2_Stream7_IRQHandler
                0x08000d3c                I2C3_EV_IRQHandler
                0x08000d3c                EXTI9_5_IRQHandler
                0x08000d3c                RTC_WKUP_IRQHandler
                0x08000d3c                ETH_WKUP_IRQHandler
                0x08000d3c                SPI2_IRQHandler
                0x08000d3c                OTG_HS_EP1_IN_IRQHandler
                0x08000d3c                DMA1_Stream0_IRQHandler
                0x08000d3c                CAN1_TX_IRQHandler
                0x08000d3c                EXTI4_IRQHandler
                0x08000d3c                FSMC_IRQHandler
                0x08000d3c                ETH_IRQHandler
                0x08000d3c                OTG_HS_EP1_OUT_IRQHandler
                0x08000d3c                WWDG_IRQHandler
                0x08000d3c                TIM2_IRQHandler
                0x08000d3c                OTG_FS_WKUP_IRQHandler
                0x08000d3c                TIM1_TRG_COM_TIM11_IRQHandler
                0x08000d3c                OTG_HS_IRQHandler
                0x08000d3c                EXTI1_IRQHandler
                0x08000d3c                USART2_IRQHandler
                0x08000d3c                I2C2_ER_IRQHandler
                0x08000d3c                DMA2_Stream1_IRQHandler
                0x08000d3c                CAN1_SCE_IRQHandler
                0x08000d3c                FLASH_IRQHandler
                0x08000d3c                DMA2_Stream4_IRQHandler
                0x08000d3c                USART1_IRQHandler
                0x08000d3c                OTG_FS_IRQHandler
                0x08000d3c                SPI3_IRQHandler
                0x08000d3c                DMA1_Stream4_IRQHandler
                0x08000d3c                I2C1_ER_IRQHandler
                0x08000d3c                DMA2_Stream6_IRQHandler
                0x08000d3c                DMA1_Stream3_IRQHandler
 *fill*         0x08000d3e        0x2 
 .text.HAL_InitTick
                0x08000d40       0x4c CMakeFiles/TestProject.elf.dir/Drivers/STM32F4xx_HAL_Driver/Src/stm32f4xx_hal.c.obj
                0x08000d40                HAL_InitTick
 .text.HAL_Init
                0x08000d8c       0x34 CMakeFiles/TestProject.elf.dir/Drivers/STM32F4xx_HAL_Driver/Src/stm32f4xx_hal.c.obj
                0x08000d8c                HAL_Init
 .text.HAL_IncTick
                0x08000dc0       0x18 CMakeFiles/TestProject.elf.dir/Drivers/STM32F4xx_HAL_Driver/Src/stm32f4xx_hal.c.obj
                0x08000dc0                HAL_IncTick
 .text.HAL_GetTick
                0x08000dd8        0xc CMakeFiles/TestProject.elf.dir/Drivers/STM32F4xx_HAL_Driver/Src/stm32f4xx_hal.c.obj
                0x08000dd8                HAL_GetTick
 .text.HAL_Delay
                0x08000de4       0x28 CMakeFiles/TestProject.elf.dir/Drivers/STM32F4xx_HAL_Driver/Src/stm32f4xx_hal.c.obj
                0x08000de4                HAL_Delay
 .text.HAL_NVIC_SetPriorityGrouping
                0x08000e0c       0x24 CMakeFiles/TestProject.elf.dir/Drivers/STM32F4xx_HAL_Driver/Src/stm32f4xx_hal_cortex.c.obj
                0x08000e0c                HAL_NVIC_SetPriorityGrouping
 .text.HAL_NVIC_SetPriority
                0x08000e30       0x70 CMakeFiles/TestProject.elf.dir/Drivers/STM32F4xx_HAL_Driver/Src/stm32f4xx_hal_cortex.c.obj
                0x08000e30                HAL_NVIC_SetPriority
 .text.HAL_SYSTICK_Config
                0x08000ea0       0x28 CMakeFiles/TestProject.elf.dir/Drivers/STM32F4xx_HAL_Driver/Src/stm32f4xx_hal_cortex.c.obj
                0x08000ea0                HAL_SYSTICK_Config
 .text.HAL_GPIO_Init
                0x08000ec8      0x1e4 CMakeFiles/TestProject.elf.dir/Drivers/STM32F4xx_HAL_Driver/Src/stm32f4xx_hal_gpio.c.obj
                0x08000ec8                HAL_GPIO_Init
 .text.HAL_GPIO_WritePin
                0x080010ac        0xc CMakeFiles/TestProject.elf.dir/Drivers/STM32F4xx_HAL_Driver/Src/stm32f4xx_hal_gpio.c.obj
                0x080010ac                HAL_GPIO_WritePin
 .text.HAL_GPIO_TogglePin
                0x080010b8       0x12 CMakeFiles/TestProject.elf.dir/Drivers/STM32F4xx_HAL_Driver/Src/stm32f4xx_hal_gpio.c.obj
                0x080010b8                HAL_GPIO_TogglePin
 .text.I2C_IsAcknowledgeFailed
                0x080010ca       0x32 CMakeFiles/TestProject.elf.dir/Drivers/STM32F4xx_HAL_Driver/Src/stm32f4xx_hal_i2c.c.obj
 .text.I2C_WaitOnFlagUntilTimeout
                0x080010fc       0x7c CMakeFiles/TestProject.elf.dir/Drivers/STM32F4xx_HAL_Driver/Src/stm32f4xx_hal_i2c.c.obj
 .text.I2C_WaitOnMasterAddressFlagUntilTimeout
                0x08001178       0xaa CMakeFiles/TestProject.elf.dir/Drivers/STM32F4xx_HAL_Driver/Src/stm32f4xx_hal_i2c.c.obj
 *fill*         0x08001222        0x2 
 .text.I2C_MasterRequestWrite
                0x08001224       0xb4 CMakeFiles/TestProject.elf.dir/Drivers/STM32F4xx_HAL_Driver/Src/stm32f4xx_hal_i2c.c.obj
 .text.I2C_WaitOnTXEFlagUntilTimeout
                0x080012d8       0x54 CMakeFiles/TestProject.elf.dir/Drivers/STM32F4xx_HAL_Driver/Src/stm32f4xx_hal_i2c.c.obj
 .text.I2C_WaitOnBTFFlagUntilTimeout
                0x0800132c       0x54 CMakeFiles/TestProject.elf.dir/Drivers/STM32F4xx_HAL_Driver/Src/stm32f4xx_hal_i2c.c.obj
 .text.HAL_I2C_Init
                0x08001380      0x1bc CMakeFiles/TestProject.elf.dir/Drivers/STM32F4xx_HAL_Driver/Src/stm32f4xx_hal_i2c.c.obj
                0x08001380                HAL_I2C_Init
 .text.HAL_I2C_Master_Transmit
                0x0800153c      0x178 CMakeFiles/TestProject.elf.dir/Drivers/STM32F4xx_HAL_Driver/Src/stm32f4xx_hal_i2c.c.obj
                0x0800153c                HAL_I2C_Master_Transmit
 .text.HAL_RCC_OscConfig
                0x080016b4      0x3f8 CMakeFiles/TestProject.elf.dir/Drivers/STM32F4xx_HAL_Driver/Src/stm32f4xx_hal_rcc.c.obj
                0x080016b4                HAL_RCC_OscConfig
 .text.HAL_RCC_GetSysClockFreq
                0x08001aac       0xd4 CMakeFiles/TestProject.elf.dir/Drivers/STM32F4xx_HAL_Driver/Src/stm32f4xx_hal_rcc.c.obj
                0x08001aac                HAL_RCC_GetSysClockFreq
 .text.HAL_RCC_ClockConfig
                0x08001b80      0x160 CMakeFiles/TestProject.elf.dir/Drivers/STM32F4xx_HAL_Driver/Src/stm32f4xx_hal_rcc.c.obj
                0x08001b80                HAL_RCC_ClockConfig
 .text.HAL_RCC_GetHCLKFreq
                0x08001ce0        0xc CMakeFiles/TestProject.elf.dir/Drivers/STM32F4xx_HAL_Driver/Src/stm32f4xx_hal_rcc.c.obj
                0x08001ce0                HAL_RCC_GetHCLKFreq
 .text.HAL_RCC_GetPCLK1Freq
                0x08001cec       0x20 CMakeFiles/TestProject.elf.dir/Drivers/STM32F4xx_HAL_Driver/Src/stm32f4xx_hal_rcc.c.obj
                0x08001cec                HAL_RCC_GetPCLK1Freq
 .text.__libc_init_array
                0x08001d0c       0x48 c:/sysgcc/arm-eabi/bin/../lib/gcc/arm-none-eabi/10.3.1/../../../../arm-none-eabi/lib/thumb/v7e-m/nofp\libg.a(lib_a-init.o)
                0x08001d0c                __libc_init_array
 .text.memset   0x08001d54       0xa4 c:/sysgcc/arm-eabi/bin/../lib/gcc/arm-none-eabi/10.3.1/../../../../arm-none-eabi/lib/thumb/v7e-m/nofp\libg.a(lib_a-memset.o)
                0x08001d54                memset
 .text.startup.register_fini
                0x08001df8       0x14 c:/sysgcc/arm-eabi/bin/../lib/gcc/arm-none-eabi/10.3.1/../../../../arm-none-eabi/lib/thumb/v7e-m/nofp\libg.a(lib_a-__call_atexit.o)
 .text.atexit   0x08001e0c        0xc c:/sysgcc/arm-eabi/bin/../lib/gcc/arm-none-eabi/10.3.1/../../../../arm-none-eabi/lib/thumb/v7e-m/nofp\libg.a(lib_a-atexit.o)
                0x08001e0c                atexit
 .text.__libc_fini_array
                0x08001e18       0x2c c:/sysgcc/arm-eabi/bin/../lib/gcc/arm-none-eabi/10.3.1/../../../../arm-none-eabi/lib/thumb/v7e-m/nofp\libg.a(lib_a-fini.o)
                0x08001e18                __libc_fini_array
 .text.__retarget_lock_acquire_recursive
                0x08001e44        0x4 c:/sysgcc/arm-eabi/bin/../lib/gcc/arm-none-eabi/10.3.1/../../../../arm-none-eabi/lib/thumb/v7e-m/nofp\libg.a(lib_a-lock.o)
                0x08001e44                __retarget_lock_acquire_recursive
 .text.__retarget_lock_release_recursive
                0x08001e48        0x4 c:/sysgcc/arm-eabi/bin/../lib/gcc/arm-none-eabi/10.3.1/../../../../arm-none-eabi/lib/thumb/v7e-m/nofp\libg.a(lib_a-lock.o)
                0x08001e48                __retarget_lock_release_recursive
 .text.__register_exitproc
                0x08001e4c       0x8c c:/sysgcc/arm-eabi/bin/../lib/gcc/arm-none-eabi/10.3.1/../../../../arm-none-eabi/lib/thumb/v7e-m/nofp\libg.a(lib_a-__atexit.o)
                0x08001e4c                __register_exitproc
 *(.glue_7)
 .glue_7        0x08001ed8        0x0 linker stubs
 *(.glue_7t)
 .glue_7t       0x08001ed8        0x0 linker stubs
 *(.eh_frame)
 .eh_frame      0x08001ed8        0x0 c:/sysgcc/arm-eabi/bin/../lib/gcc/arm-none-eabi/10.3.1/thumb/v7e-m/nofp/crtbegin.o
 *(.init)
 .init          0x08001ed8        0x4 c:/sysgcc/arm-eabi/bin/../lib/gcc/arm-none-eabi/10.3.1/thumb/v7e-m/nofp/crti.o
                0x08001ed8                _init
 .init          0x08001edc        0x8 c:/sysgcc/arm-eabi/bin/../lib/gcc/arm-none-eabi/10.3.1/thumb/v7e-m/nofp/crtn.o
 *(.fini)
 .fini          0x08001ee4        0x4 c:/sysgcc/arm-eabi/bin/../lib/gcc/arm-none-eabi/10.3.1/thumb/v7e-m/nofp/crti.o
                0x08001ee4                _fini
 .fini          0x08001ee8        0x8 c:/sysgcc/arm-eabi/bin/../lib/gcc/arm-none-eabi/10.3.1/thumb/v7e-m/nofp/crtn.o
                0x08001ef0                . = ALIGN (0x4)
                0x08001ef0                _etext = .

.vfp11_veneer   0x08001ef0        0x0
 .vfp11_veneer  0x08001ef0        0x0 linker stubs

.v4_bx          0x08001ef0        0x0
 .v4_bx         0x08001ef0        0x0 linker stubs

.iplt           0x08001ef0        0x0
 .iplt          0x08001ef0        0x0 c:/sysgcc/arm-eabi/bin/../lib/gcc/arm-none-eabi/10.3.1/thumb/v7e-m/nofp/crtbegin.o

.rodata         0x08001ef0       0x30
                0x08001ef0                . = ALIGN (0x4)
 *(.rodata)
 *(.rodata*)
 .rodata.main.str1.4
                0x08001ef0       0x11 CMakeFiles/TestProject.elf.dir/Core/Src/main.c.obj
 *fill*         0x08001f01        0x3 
 .rodata.AHBPrescTable
                0x08001f04       0x10 CMakeFiles/TestProject.elf.dir/Core/Src/system_stm32f4xx.c.obj
                0x08001f04                AHBPrescTable
 .rodata.APBPrescTable
                0x08001f14        0x8 CMakeFiles/TestProject.elf.dir/Core/Src/system_stm32f4xx.c.obj
                0x08001f14                APBPrescTable
 .rodata._global_impure_ptr
                0x08001f1c        0x4 c:/sysgcc/arm-eabi/bin/../lib/gcc/arm-none-eabi/10.3.1/../../../../arm-none-eabi/lib/thumb/v7e-m/nofp\libg.a(lib_a-impure.o)
                0x08001f1c                _global_impure_ptr
                0x08001f20                . = ALIGN (0x4)

.ARM.extab      0x08001f20        0x0
                0x08001f20                . = ALIGN (0x4)
 *(.ARM.extab* .gnu.linkonce.armextab.*)
                0x08001f20                . = ALIGN (0x4)

.ARM            0x08001f20        0x8
                0x08001f20                . = ALIGN (0x4)
                0x08001f20                __exidx_start = .
 *(.ARM.exidx*)
 .ARM.exidx     0x08001f20        0x8 c:/sysgcc/arm-eabi/bin/../lib/gcc/arm-none-eabi/10.3.1/thumb/v7e-m/nofp\libgcc.a(_udivmoddi4.o)
                0x08001f28                __exidx_end = .
                0x08001f28                . = ALIGN (0x4)

.rel.dyn        0x08001f28        0x0
 .rel.iplt      0x08001f28        0x0 c:/sysgcc/arm-eabi/bin/../lib/gcc/arm-none-eabi/10.3.1/thumb/v7e-m/nofp/crtbegin.o

.preinit_array  0x08001f28        0x0
                0x08001f28                . = ALIGN (0x4)
                0x08001f28                PROVIDE (__preinit_array_start = .)
 *(.preinit_array*)
                0x08001f28                PROVIDE (__preinit_array_end = .)
                0x08001f28                . = ALIGN (0x4)

.init_array     0x08001f28        0x8
                0x08001f28                . = ALIGN (0x4)
                0x08001f28                PROVIDE (__init_array_start = .)
 *(SORT_BY_NAME(.init_array.*))
 .init_array.00000
                0x08001f28        0x4 c:/sysgcc/arm-eabi/bin/../lib/gcc/arm-none-eabi/10.3.1/../../../../arm-none-eabi/lib/thumb/v7e-m/nofp\libg.a(lib_a-__call_atexit.o)
 *(.init_array*)
 .init_array    0x08001f2c        0x4 c:/sysgcc/arm-eabi/bin/../lib/gcc/arm-none-eabi/10.3.1/thumb/v7e-m/nofp/crtbegin.o
                0x08001f30                PROVIDE (__init_array_end = .)
                0x08001f30                . = ALIGN (0x4)

.fini_array     0x08001f30        0x4
                0x08001f30                . = ALIGN (0x4)
                0x08001f30                PROVIDE (__fini_array_start = .)
 *(SORT_BY_NAME(.fini_array.*))
 *(.fini_array*)
 .fini_array    0x08001f30        0x4 c:/sysgcc/arm-eabi/bin/../lib/gcc/arm-none-eabi/10.3.1/thumb/v7e-m/nofp/crtbegin.o
                0x08001f34                PROVIDE (__fini_array_end = .)
                0x08001f34                . = ALIGN (0x4)
                0x08001f34                _sidata = LOADADDR (.data)

.data           0x20000000      0x43c load address 0x08001f34
                0x20000000                . = ALIGN (0x4)
                0x20000000                _sdata = .
 *(.data)
 *(.data*)
 .data.backlight
                0x20000000        0x1 CMakeFiles/TestProject.elf.dir/Core/Src/I2C_Lcd.c.obj
                0x20000000                backlight
 *fill*         0x20000001        0x3 
 .data.SystemCoreClock
                0x20000004        0x4 CMakeFiles/TestProject.elf.dir/Core/Src/system_stm32f4xx.c.obj
                0x20000004                SystemCoreClock
 .data.uwTickFreq
                0x20000008        0x1 CMakeFiles/TestProject.elf.dir/Drivers/STM32F4xx_HAL_Driver/Src/stm32f4xx_hal.c.obj
                0x20000008                uwTickFreq
 *fill*         0x20000009        0x3 
 .data.uwTickPrio
                0x2000000c        0x4 CMakeFiles/TestProject.elf.dir/Drivers/STM32F4xx_HAL_Driver/Src/stm32f4xx_hal.c.obj
                0x2000000c                uwTickPrio
 .data.impure_data
                0x20000010      0x428 c:/sysgcc/arm-eabi/bin/../lib/gcc/arm-none-eabi/10.3.1/../../../../arm-none-eabi/lib/thumb/v7e-m/nofp\libg.a(lib_a-impure.o)
 .data.__atexit_recursive_mutex
                0x20000438        0x4 c:/sysgcc/arm-eabi/bin/../lib/gcc/arm-none-eabi/10.3.1/../../../../arm-none-eabi/lib/thumb/v7e-m/nofp\libg.a(lib_a-__call_atexit.o)
                0x20000438                __atexit_recursive_mutex
 *(.RamFunc)
 *(.RamFunc*)
                0x2000043c                . = ALIGN (0x4)
                0x2000043c                _edata = .
                0x08002370                _siccmram = LOADADDR (.ccmram)

.igot.plt       0x2000043c        0x0 load address 0x08002370
 .igot.plt      0x2000043c        0x0 c:/sysgcc/arm-eabi/bin/../lib/gcc/arm-none-eabi/10.3.1/thumb/v7e-m/nofp/crtbegin.o

.ccmram         0x10000000        0x0 load address 0x08002370
                0x10000000                . = ALIGN (0x4)
                0x10000000                _sccmram = .
 *(.ccmram)
 *(.ccmram*)
                0x10000000                . = ALIGN (0x4)
                0x10000000                _eccmram = .
                0x10000000                . = ALIGN (0x4)

.bss            0x2000043c       0xd0
                0x2000043c                _sbss = .
                0x2000043c                __bss_start__ = _sbss
 *(.bss)
 .bss           0x2000043c       0x1c c:/sysgcc/arm-eabi/bin/../lib/gcc/arm-none-eabi/10.3.1/thumb/v7e-m/nofp/crtbegin.o
 *(.bss*)
 .bss.address   0x20000458        0x2 CMakeFiles/TestProject.elf.dir/Core/Src/I2C_Lcd.c.obj
                0x20000458                address
 *fill*         0x2000045a        0x2 
 .bss.i2cHandle
                0x2000045c       0x54 CMakeFiles/TestProject.elf.dir/Core/Src/I2C_Lcd.c.obj
                0x2000045c                i2cHandle
 .bss.hi2c1     0x200004b0       0x54 CMakeFiles/TestProject.elf.dir/Core/Src/i2c.c.obj
                0x200004b0                hi2c1
 .bss.uwTick    0x20000504        0x4 CMakeFiles/TestProject.elf.dir/Drivers/STM32F4xx_HAL_Driver/Src/stm32f4xx_hal.c.obj
                0x20000504                uwTick
 .bss.__lock___atexit_recursive_mutex
                0x20000508        0x1 c:/sysgcc/arm-eabi/bin/../lib/gcc/arm-none-eabi/10.3.1/../../../../arm-none-eabi/lib/thumb/v7e-m/nofp\libg.a(lib_a-lock.o)
                0x20000508                __lock___atexit_recursive_mutex
 *(COMMON)
                0x2000050c                . = ALIGN (0x4)
 *fill*         0x20000509        0x3 
                0x2000050c                _ebss = .
                0x2000050c                __bss_end__ = _ebss

._user_heap_stack
                0x2000050c      0x604
                0x20000510                . = ALIGN (0x8)
 *fill*         0x2000050c        0x4 
                [!provide]                PROVIDE (end = .)
                0x20000510                PROVIDE (_end = .)
                0x20000710                . = (. + _Min_Heap_Size)
 *fill*         0x20000510      0x200 
                0x20000b10                . = (. + _Min_Stack_Size)
 *fill*         0x20000710      0x400 
                0x20000b10                . = ALIGN (0x8)

/DISCARD/
 libc.a(*)
 libm.a(*)
 libgcc.a(*)

.ARM.attributes
                0x00000000       0x2a
 *(.ARM.attributes)
 .ARM.attributes
                0x00000000       0x1e c:/sysgcc/arm-eabi/bin/../lib/gcc/arm-none-eabi/10.3.1/thumb/v7e-m/nofp/crti.o
 .ARM.attributes
                0x0000001e       0x2e c:/sysgcc/arm-eabi/bin/../lib/gcc/arm-none-eabi/10.3.1/thumb/v7e-m/nofp/crtbegin.o
 .ARM.attributes
                0x0000004c       0x2e CMakeFiles/TestProject.elf.dir/Core/Src/I2C_Lcd.c.obj
 .ARM.attributes
                0x0000007a       0x2e CMakeFiles/TestProject.elf.dir/Core/Src/gpio.c.obj
 .ARM.attributes
                0x000000a8       0x2e CMakeFiles/TestProject.elf.dir/Core/Src/i2c.c.obj
 .ARM.attributes
                0x000000d6       0x2e CMakeFiles/TestProject.elf.dir/Core/Src/main.c.obj
 .ARM.attributes
                0x00000104       0x2e CMakeFiles/TestProject.elf.dir/Core/Src/stm32f4xx_hal_msp.c.obj
 .ARM.attributes
                0x00000132       0x2e CMakeFiles/TestProject.elf.dir/Core/Src/stm32f4xx_it.c.obj
 .ARM.attributes
                0x00000160       0x2e CMakeFiles/TestProject.elf.dir/Core/Src/system_stm32f4xx.c.obj
 .ARM.attributes
                0x0000018e       0x21 CMakeFiles/TestProject.elf.dir/Core/Startup/startup_stm32f407vgtx.s.obj
 .ARM.attributes
                0x000001af       0x2e CMakeFiles/TestProject.elf.dir/Drivers/STM32F4xx_HAL_Driver/Src/stm32f4xx_hal.c.obj
 .ARM.attributes
                0x000001dd       0x2e CMakeFiles/TestProject.elf.dir/Drivers/STM32F4xx_HAL_Driver/Src/stm32f4xx_hal_cortex.c.obj
 .ARM.attributes
                0x0000020b       0x2e CMakeFiles/TestProject.elf.dir/Drivers/STM32F4xx_HAL_Driver/Src/stm32f4xx_hal_gpio.c.obj
 .ARM.attributes
                0x00000239       0x2e CMakeFiles/TestProject.elf.dir/Drivers/STM32F4xx_HAL_Driver/Src/stm32f4xx_hal_i2c.c.obj
 .ARM.attributes
                0x00000267       0x2e CMakeFiles/TestProject.elf.dir/Drivers/STM32F4xx_HAL_Driver/Src/stm32f4xx_hal_rcc.c.obj
 .ARM.attributes
                0x00000295       0x1e c:/sysgcc/arm-eabi/bin/../lib/gcc/arm-none-eabi/10.3.1/thumb/v7e-m/nofp\libgcc.a(_aeabi_uldivmod.o)
 .ARM.attributes
                0x000002b3       0x2e c:/sysgcc/arm-eabi/bin/../lib/gcc/arm-none-eabi/10.3.1/thumb/v7e-m/nofp\libgcc.a(_udivmoddi4.o)
 .ARM.attributes
                0x000002e1       0x1e c:/sysgcc/arm-eabi/bin/../lib/gcc/arm-none-eabi/10.3.1/thumb/v7e-m/nofp\libgcc.a(_dvmd_tls.o)
 .ARM.attributes
                0x000002ff       0x2e c:/sysgcc/arm-eabi/bin/../lib/gcc/arm-none-eabi/10.3.1/../../../../arm-none-eabi/lib/thumb/v7e-m/nofp\libg.a(lib_a-impure.o)
 .ARM.attributes
                0x0000032d       0x2e c:/sysgcc/arm-eabi/bin/../lib/gcc/arm-none-eabi/10.3.1/../../../../arm-none-eabi/lib/thumb/v7e-m/nofp\libg.a(lib_a-init.o)
 .ARM.attributes
                0x0000035b       0x1c c:/sysgcc/arm-eabi/bin/../lib/gcc/arm-none-eabi/10.3.1/../../../../arm-none-eabi/lib/thumb/v7e-m/nofp\libg.a(lib_a-memcpy.o)
 .ARM.attributes
                0x00000377       0x2e c:/sysgcc/arm-eabi/bin/../lib/gcc/arm-none-eabi/10.3.1/../../../../arm-none-eabi/lib/thumb/v7e-m/nofp\libg.a(lib_a-memset.o)
 .ARM.attributes
                0x000003a5       0x1c c:/sysgcc/arm-eabi/bin/../lib/gcc/arm-none-eabi/10.3.1/../../../../arm-none-eabi/lib/thumb/v7e-m/nofp\libg.a(lib_a-strlen.o)
 .ARM.attributes
                0x000003c1       0x2e c:/sysgcc/arm-eabi/bin/../lib/gcc/arm-none-eabi/10.3.1/../../../../arm-none-eabi/lib/thumb/v7e-m/nofp\libg.a(lib_a-__call_atexit.o)
 .ARM.attributes
                0x000003ef       0x2e c:/sysgcc/arm-eabi/bin/../lib/gcc/arm-none-eabi/10.3.1/../../../../arm-none-eabi/lib/thumb/v7e-m/nofp\libg.a(lib_a-atexit.o)
 .ARM.attributes
                0x0000041d       0x2e c:/sysgcc/arm-eabi/bin/../lib/gcc/arm-none-eabi/10.3.1/../../../../arm-none-eabi/lib/thumb/v7e-m/nofp\libg.a(lib_a-fini.o)
 .ARM.attributes
                0x0000044b       0x2e c:/sysgcc/arm-eabi/bin/../lib/gcc/arm-none-eabi/10.3.1/../../../../arm-none-eabi/lib/thumb/v7e-m/nofp\libg.a(lib_a-lock.o)
 .ARM.attributes
                0x00000479       0x2e c:/sysgcc/arm-eabi/bin/../lib/gcc/arm-none-eabi/10.3.1/../../../../arm-none-eabi/lib/thumb/v7e-m/nofp\libg.a(lib_a-__atexit.o)
 .ARM.attributes
                0x000004a7       0x1e c:/sysgcc/arm-eabi/bin/../lib/gcc/arm-none-eabi/10.3.1/thumb/v7e-m/nofp/crtn.o
OUTPUT(TestProject.elf elf32-littlearm)
LOAD linker stubs
LOAD c:/sysgcc/arm-eabi/bin/../lib/gcc/arm-none-eabi/10.3.1/../../../../arm-none-eabi/lib/thumb/v7e-m/nofp\libc.a
LOAD c:/sysgcc/arm-eabi/bin/../lib/gcc/arm-none-eabi/10.3.1/../../../../arm-none-eabi/lib/thumb/v7e-m/nofp\libm.a
LOAD c:/sysgcc/arm-eabi/bin/../lib/gcc/arm-none-eabi/10.3.1/thumb/v7e-m/nofp\libgcc.a

.debug_info     0x00000000     0x973d
 .debug_info    0x00000000      0xce8 CMakeFiles/TestProject.elf.dir/Core/Src/I2C_Lcd.c.obj
 .debug_info    0x00000ce8      0x496 CMakeFiles/TestProject.elf.dir/Core/Src/gpio.c.obj
 .debug_info    0x0000117e      0xa52 CMakeFiles/TestProject.elf.dir/Core/Src/i2c.c.obj
 .debug_info    0x00001bd0      0xd7c CMakeFiles/TestProject.elf.dir/Core/Src/main.c.obj
 .debug_info    0x0000294c      0x2a4 CMakeFiles/TestProject.elf.dir/Core/Src/stm32f4xx_hal_msp.c.obj
 .debug_info    0x00002bf0      0x12f CMakeFiles/TestProject.elf.dir/Core/Src/stm32f4xx_it.c.obj
 .debug_info    0x00002d1f      0x37d CMakeFiles/TestProject.elf.dir/Core/Src/system_stm32f4xx.c.obj
 .debug_info    0x0000309c       0x22 CMakeFiles/TestProject.elf.dir/Core/Startup/startup_stm32f407vgtx.s.obj
 .debug_info    0x000030be      0x9f0 CMakeFiles/TestProject.elf.dir/Drivers/STM32F4xx_HAL_Driver/Src/stm32f4xx_hal.c.obj
 .debug_info    0x00003aae     0x1098 CMakeFiles/TestProject.elf.dir/Drivers/STM32F4xx_HAL_Driver/Src/stm32f4xx_hal_cortex.c.obj
 .debug_info    0x00004b46      0x7b0 CMakeFiles/TestProject.elf.dir/Drivers/STM32F4xx_HAL_Driver/Src/stm32f4xx_hal_gpio.c.obj
 .debug_info    0x000052f6     0x3944 CMakeFiles/TestProject.elf.dir/Drivers/STM32F4xx_HAL_Driver/Src/stm32f4xx_hal_i2c.c.obj
 .debug_info    0x00008c3a      0xb03 CMakeFiles/TestProject.elf.dir/Drivers/STM32F4xx_HAL_Driver/Src/stm32f4xx_hal_rcc.c.obj

.debug_abbrev   0x00000000     0x1667
 .debug_abbrev  0x00000000      0x23c CMakeFiles/TestProject.elf.dir/Core/Src/I2C_Lcd.c.obj
 .debug_abbrev  0x0000023c      0x14e CMakeFiles/TestProject.elf.dir/Core/Src/gpio.c.obj
 .debug_abbrev  0x0000038a      0x1d3 CMakeFiles/TestProject.elf.dir/Core/Src/i2c.c.obj
 .debug_abbrev  0x0000055d      0x228 CMakeFiles/TestProject.elf.dir/Core/Src/main.c.obj
 .debug_abbrev  0x00000785       0xd1 CMakeFiles/TestProject.elf.dir/Core/Src/stm32f4xx_hal_msp.c.obj
 .debug_abbrev  0x00000856       0x7e CMakeFiles/TestProject.elf.dir/Core/Src/stm32f4xx_it.c.obj
 .debug_abbrev  0x000008d4      0x119 CMakeFiles/TestProject.elf.dir/Core/Src/system_stm32f4xx.c.obj
 .debug_abbrev  0x000009ed       0x12 CMakeFiles/TestProject.elf.dir/Core/Startup/startup_stm32f407vgtx.s.obj
 .debug_abbrev  0x000009ff      0x206 CMakeFiles/TestProject.elf.dir/Drivers/STM32F4xx_HAL_Driver/Src/stm32f4xx_hal.c.obj
 .debug_abbrev  0x00000c05      0x36a CMakeFiles/TestProject.elf.dir/Drivers/STM32F4xx_HAL_Driver/Src/stm32f4xx_hal_cortex.c.obj
 .debug_abbrev  0x00000f6f      0x1ef CMakeFiles/TestProject.elf.dir/Drivers/STM32F4xx_HAL_Driver/Src/stm32f4xx_hal_gpio.c.obj
 .debug_abbrev  0x0000115e      0x27f CMakeFiles/TestProject.elf.dir/Drivers/STM32F4xx_HAL_Driver/Src/stm32f4xx_hal_i2c.c.obj
 .debug_abbrev  0x000013dd      0x28a CMakeFiles/TestProject.elf.dir/Drivers/STM32F4xx_HAL_Driver/Src/stm32f4xx_hal_rcc.c.obj

.debug_loc      0x00000000     0x596f
 .debug_loc     0x00000000      0x2c9 CMakeFiles/TestProject.elf.dir/Core/Src/I2C_Lcd.c.obj
 .debug_loc     0x000002c9       0x67 CMakeFiles/TestProject.elf.dir/Core/Src/i2c.c.obj
 .debug_loc     0x00000330      0x158 CMakeFiles/TestProject.elf.dir/Core/Src/system_stm32f4xx.c.obj
 .debug_loc     0x00000488      0x141 CMakeFiles/TestProject.elf.dir/Drivers/STM32F4xx_HAL_Driver/Src/stm32f4xx_hal.c.obj
 .debug_loc     0x000005c9      0x744 CMakeFiles/TestProject.elf.dir/Drivers/STM32F4xx_HAL_Driver/Src/stm32f4xx_hal_cortex.c.obj
 .debug_loc     0x00000d0d      0x520 CMakeFiles/TestProject.elf.dir/Drivers/STM32F4xx_HAL_Driver/Src/stm32f4xx_hal_gpio.c.obj
 .debug_loc     0x0000122d     0x41b6 CMakeFiles/TestProject.elf.dir/Drivers/STM32F4xx_HAL_Driver/Src/stm32f4xx_hal_i2c.c.obj
 .debug_loc     0x000053e3      0x58c CMakeFiles/TestProject.elf.dir/Drivers/STM32F4xx_HAL_Driver/Src/stm32f4xx_hal_rcc.c.obj

.debug_aranges  0x00000000      0x6f0
 .debug_aranges
                0x00000000       0x88 CMakeFiles/TestProject.elf.dir/Core/Src/I2C_Lcd.c.obj
 .debug_aranges
                0x00000088       0x20 CMakeFiles/TestProject.elf.dir/Core/Src/gpio.c.obj
 .debug_aranges
                0x000000a8       0x30 CMakeFiles/TestProject.elf.dir/Core/Src/i2c.c.obj
 .debug_aranges
                0x000000d8       0x30 CMakeFiles/TestProject.elf.dir/Core/Src/main.c.obj
 .debug_aranges
                0x00000108       0x20 CMakeFiles/TestProject.elf.dir/Core/Src/stm32f4xx_hal_msp.c.obj
 .debug_aranges
                0x00000128       0x60 CMakeFiles/TestProject.elf.dir/Core/Src/stm32f4xx_it.c.obj
 .debug_aranges
                0x00000188       0x28 CMakeFiles/TestProject.elf.dir/Core/Src/system_stm32f4xx.c.obj
 .debug_aranges
                0x000001b0       0x28 CMakeFiles/TestProject.elf.dir/Core/Startup/startup_stm32f407vgtx.s.obj
 .debug_aranges
                0x000001d8       0xf0 CMakeFiles/TestProject.elf.dir/Drivers/STM32F4xx_HAL_Driver/Src/stm32f4xx_hal.c.obj
 .debug_aranges
                0x000002c8       0xa8 CMakeFiles/TestProject.elf.dir/Drivers/STM32F4xx_HAL_Driver/Src/stm32f4xx_hal_cortex.c.obj
 .debug_aranges
                0x00000370       0x58 CMakeFiles/TestProject.elf.dir/Drivers/STM32F4xx_HAL_Driver/Src/stm32f4xx_hal_gpio.c.obj
 .debug_aranges
                0x000003c8      0x2a0 CMakeFiles/TestProject.elf.dir/Drivers/STM32F4xx_HAL_Driver/Src/stm32f4xx_hal_i2c.c.obj
 .debug_aranges
                0x00000668       0x88 CMakeFiles/TestProject.elf.dir/Drivers/STM32F4xx_HAL_Driver/Src/stm32f4xx_hal_rcc.c.obj

.debug_ranges   0x00000000      0x6b8
 .debug_ranges  0x00000000       0x78 CMakeFiles/TestProject.elf.dir/Core/Src/I2C_Lcd.c.obj
 .debug_ranges  0x00000078       0x10 CMakeFiles/TestProject.elf.dir/Core/Src/gpio.c.obj
 .debug_ranges  0x00000088       0x20 CMakeFiles/TestProject.elf.dir/Core/Src/i2c.c.obj
 .debug_ranges  0x000000a8       0x20 CMakeFiles/TestProject.elf.dir/Core/Src/main.c.obj
 .debug_ranges  0x000000c8       0x10 CMakeFiles/TestProject.elf.dir/Core/Src/stm32f4xx_hal_msp.c.obj
 .debug_ranges  0x000000d8       0x50 CMakeFiles/TestProject.elf.dir/Core/Src/stm32f4xx_it.c.obj
 .debug_ranges  0x00000128       0x18 CMakeFiles/TestProject.elf.dir/Core/Src/system_stm32f4xx.c.obj
 .debug_ranges  0x00000140       0x20 CMakeFiles/TestProject.elf.dir/Core/Startup/startup_stm32f407vgtx.s.obj
 .debug_ranges  0x00000160       0xe0 CMakeFiles/TestProject.elf.dir/Drivers/STM32F4xx_HAL_Driver/Src/stm32f4xx_hal.c.obj
 .debug_ranges  0x00000240       0xf8 CMakeFiles/TestProject.elf.dir/Drivers/STM32F4xx_HAL_Driver/Src/stm32f4xx_hal_cortex.c.obj
 .debug_ranges  0x00000338       0x48 CMakeFiles/TestProject.elf.dir/Drivers/STM32F4xx_HAL_Driver/Src/stm32f4xx_hal_gpio.c.obj
 .debug_ranges  0x00000380      0x2a8 CMakeFiles/TestProject.elf.dir/Drivers/STM32F4xx_HAL_Driver/Src/stm32f4xx_hal_i2c.c.obj
 .debug_ranges  0x00000628       0x90 CMakeFiles/TestProject.elf.dir/Drivers/STM32F4xx_HAL_Driver/Src/stm32f4xx_hal_rcc.c.obj

.debug_line     0x00000000     0x8bf5
 .debug_line    0x00000000      0x628 CMakeFiles/TestProject.elf.dir/Core/Src/I2C_Lcd.c.obj
 .debug_line    0x00000628      0x24c CMakeFiles/TestProject.elf.dir/Core/Src/gpio.c.obj
 .debug_line    0x00000874      0x37a CMakeFiles/TestProject.elf.dir/Core/Src/i2c.c.obj
 .debug_line    0x00000bee      0x465 CMakeFiles/TestProject.elf.dir/Core/Src/main.c.obj
 .debug_line    0x00001053      0x194 CMakeFiles/TestProject.elf.dir/Core/Src/stm32f4xx_hal_msp.c.obj
 .debug_line    0x000011e7      0x1f1 CMakeFiles/TestProject.elf.dir/Core/Src/stm32f4xx_it.c.obj
 .debug_line    0x000013d8      0x25d CMakeFiles/TestProject.elf.dir/Core/Src/system_stm32f4xx.c.obj
 .debug_line    0x00001635       0xc2 CMakeFiles/TestProject.elf.dir/Core/Startup/startup_stm32f407vgtx.s.obj
 .debug_line    0x000016f7      0x619 CMakeFiles/TestProject.elf.dir/Drivers/STM32F4xx_HAL_Driver/Src/stm32f4xx_hal.c.obj
 .debug_line    0x00001d10      0x82c CMakeFiles/TestProject.elf.dir/Drivers/STM32F4xx_HAL_Driver/Src/stm32f4xx_hal_cortex.c.obj
 .debug_line    0x0000253c      0x758 CMakeFiles/TestProject.elf.dir/Drivers/STM32F4xx_HAL_Driver/Src/stm32f4xx_hal_gpio.c.obj
 .debug_line    0x00002c94     0x53da CMakeFiles/TestProject.elf.dir/Drivers/STM32F4xx_HAL_Driver/Src/stm32f4xx_hal_i2c.c.obj
 .debug_line    0x0000806e      0xb87 CMakeFiles/TestProject.elf.dir/Drivers/STM32F4xx_HAL_Driver/Src/stm32f4xx_hal_rcc.c.obj

.debug_str      0x00000000     0x2932
 .debug_str     0x00000000      0x84a CMakeFiles/TestProject.elf.dir/Core/Src/I2C_Lcd.c.obj
                                0x903 (size before relaxing)
 .debug_str     0x0000084a      0x1f6 CMakeFiles/TestProject.elf.dir/Core/Src/gpio.c.obj
                                0x3d8 (size before relaxing)
 .debug_str     0x00000a40       0xd2 CMakeFiles/TestProject.elf.dir/Core/Src/i2c.c.obj
                                0x904 (size before relaxing)
 .debug_str     0x00000b12      0x1eb CMakeFiles/TestProject.elf.dir/Core/Src/main.c.obj
                                0xae7 (size before relaxing)
 .debug_str     0x00000cfd       0x66 CMakeFiles/TestProject.elf.dir/Core/Src/stm32f4xx_hal_msp.c.obj
                                0x327 (size before relaxing)
 .debug_str     0x00000d63       0xf1 CMakeFiles/TestProject.elf.dir/Core/Src/stm32f4xx_it.c.obj
                                0x29b (size before relaxing)
 .debug_str     0x00000e54       0xc1 CMakeFiles/TestProject.elf.dir/Core/Src/system_stm32f4xx.c.obj
                                0x38d (size before relaxing)
 .debug_str     0x00000f15       0x70 CMakeFiles/TestProject.elf.dir/Core/Startup/startup_stm32f407vgtx.s.obj
                                 0xc5 (size before relaxing)
 .debug_str     0x00000f85      0x894 CMakeFiles/TestProject.elf.dir/Drivers/STM32F4xx_HAL_Driver/Src/stm32f4xx_hal.c.obj
                                0xbc6 (size before relaxing)
 .debug_str     0x00001819      0x4ec CMakeFiles/TestProject.elf.dir/Drivers/STM32F4xx_HAL_Driver/Src/stm32f4xx_hal_cortex.c.obj
                                0xc98 (size before relaxing)
 .debug_str     0x00001d05      0x14f CMakeFiles/TestProject.elf.dir/Drivers/STM32F4xx_HAL_Driver/Src/stm32f4xx_hal_gpio.c.obj
                                0x54c (size before relaxing)
 .debug_str     0x00001e54      0x920 CMakeFiles/TestProject.elf.dir/Drivers/STM32F4xx_HAL_Driver/Src/stm32f4xx_hal_i2c.c.obj
                               0x109c (size before relaxing)
 .debug_str     0x00002774      0x1be CMakeFiles/TestProject.elf.dir/Drivers/STM32F4xx_HAL_Driver/Src/stm32f4xx_hal_rcc.c.obj
                                0x772 (size before relaxing)

.comment        0x00000000       0x49
 .comment       0x00000000       0x49 CMakeFiles/TestProject.elf.dir/Core/Src/I2C_Lcd.c.obj
                                 0x4a (size before relaxing)
 .comment       0x00000049       0x4a CMakeFiles/TestProject.elf.dir/Core/Src/gpio.c.obj
 .comment       0x00000049       0x4a CMakeFiles/TestProject.elf.dir/Core/Src/i2c.c.obj
 .comment       0x00000049       0x4a CMakeFiles/TestProject.elf.dir/Core/Src/main.c.obj
 .comment       0x00000049       0x4a CMakeFiles/TestProject.elf.dir/Core/Src/stm32f4xx_hal_msp.c.obj
 .comment       0x00000049       0x4a CMakeFiles/TestProject.elf.dir/Core/Src/stm32f4xx_it.c.obj
 .comment       0x00000049       0x4a CMakeFiles/TestProject.elf.dir/Core/Src/system_stm32f4xx.c.obj
 .comment       0x00000049       0x4a CMakeFiles/TestProject.elf.dir/Drivers/STM32F4xx_HAL_Driver/Src/stm32f4xx_hal.c.obj
 .comment       0x00000049       0x4a CMakeFiles/TestProject.elf.dir/Drivers/STM32F4xx_HAL_Driver/Src/stm32f4xx_hal_cortex.c.obj
 .comment       0x00000049       0x4a CMakeFiles/TestProject.elf.dir/Drivers/STM32F4xx_HAL_Driver/Src/stm32f4xx_hal_gpio.c.obj
 .comment       0x00000049       0x4a CMakeFiles/TestProject.elf.dir/Drivers/STM32F4xx_HAL_Driver/Src/stm32f4xx_hal_i2c.c.obj
 .comment       0x00000049       0x4a CMakeFiles/TestProject.elf.dir/Drivers/STM32F4xx_HAL_Driver/Src/stm32f4xx_hal_rcc.c.obj

.debug_frame    0x00000000     0x14dc
 .debug_frame   0x00000000      0x1b8 CMakeFiles/TestProject.elf.dir/Core/Src/I2C_Lcd.c.obj
 .debug_frame   0x000001b8       0x34 CMakeFiles/TestProject.elf.dir/Core/Src/gpio.c.obj
 .debug_frame   0x000001ec       0x64 CMakeFiles/TestProject.elf.dir/Core/Src/i2c.c.obj
 .debug_frame   0x00000250       0x58 CMakeFiles/TestProject.elf.dir/Core/Src/main.c.obj
 .debug_frame   0x000002a8       0x28 CMakeFiles/TestProject.elf.dir/Core/Src/stm32f4xx_hal_msp.c.obj
 .debug_frame   0x000002d0       0xa8 CMakeFiles/TestProject.elf.dir/Core/Src/stm32f4xx_it.c.obj
 .debug_frame   0x00000378       0x30 CMakeFiles/TestProject.elf.dir/Core/Src/system_stm32f4xx.c.obj
 .debug_frame   0x000003a8      0x1ec CMakeFiles/TestProject.elf.dir/Drivers/STM32F4xx_HAL_Driver/Src/stm32f4xx_hal.c.obj
 .debug_frame   0x00000594      0x148 CMakeFiles/TestProject.elf.dir/Drivers/STM32F4xx_HAL_Driver/Src/stm32f4xx_hal_cortex.c.obj
 .debug_frame   0x000006dc       0xd8 CMakeFiles/TestProject.elf.dir/Drivers/STM32F4xx_HAL_Driver/Src/stm32f4xx_hal_gpio.c.obj
 .debug_frame   0x000007b4      0x970 CMakeFiles/TestProject.elf.dir/Drivers/STM32F4xx_HAL_Driver/Src/stm32f4xx_hal_i2c.c.obj
 .debug_frame   0x00001124      0x16c CMakeFiles/TestProject.elf.dir/Drivers/STM32F4xx_HAL_Driver/Src/stm32f4xx_hal_rcc.c.obj
 .debug_frame   0x00001290       0x2c c:/sysgcc/arm-eabi/bin/../lib/gcc/arm-none-eabi/10.3.1/thumb/v7e-m/nofp\libgcc.a(_aeabi_uldivmod.o)
 .debug_frame   0x000012bc       0x34 c:/sysgcc/arm-eabi/bin/../lib/gcc/arm-none-eabi/10.3.1/thumb/v7e-m/nofp\libgcc.a(_udivmoddi4.o)
 .debug_frame   0x000012f0       0x2c c:/sysgcc/arm-eabi/bin/../lib/gcc/arm-none-eabi/10.3.1/../../../../arm-none-eabi/lib/thumb/v7e-m/nofp\libg.a(lib_a-init.o)
 .debug_frame   0x0000131c       0x2c c:/sysgcc/arm-eabi/bin/../lib/gcc/arm-none-eabi/10.3.1/../../../../arm-none-eabi/lib/thumb/v7e-m/nofp\libg.a(lib_a-memset.o)
 .debug_frame   0x00001348       0x5c c:/sysgcc/arm-eabi/bin/../lib/gcc/arm-none-eabi/10.3.1/../../../../arm-none-eabi/lib/thumb/v7e-m/nofp\libg.a(lib_a-__call_atexit.o)
 .debug_frame   0x000013a4       0x20 c:/sysgcc/arm-eabi/bin/../lib/gcc/arm-none-eabi/10.3.1/../../../../arm-none-eabi/lib/thumb/v7e-m/nofp\libg.a(lib_a-atexit.o)
 .debug_frame   0x000013c4       0x34 c:/sysgcc/arm-eabi/bin/../lib/gcc/arm-none-eabi/10.3.1/../../../../arm-none-eabi/lib/thumb/v7e-m/nofp\libg.a(lib_a-fini.o)
 .debug_frame   0x000013f8       0xb0 c:/sysgcc/arm-eabi/bin/../lib/gcc/arm-none-eabi/10.3.1/../../../../arm-none-eabi/lib/thumb/v7e-m/nofp\libg.a(lib_a-lock.o)
 .debug_frame   0x000014a8       0x34 c:/sysgcc/arm-eabi/bin/../lib/gcc/arm-none-eabi/10.3.1/../../../../arm-none-eabi/lib/thumb/v7e-m/nofp\libg.a(lib_a-__atexit.o)
